// Jest Snapshot v1, https://goo.gl/fbAQLP

exports[`renders correctly 1`] = `
<div
  className="nav-link-container"
>
  <a
    className="nav-link hide 
          "
    href="/"
  >
    ←
  </a>
  <a
    className="nav-link hide
          "
    href="/"
  >
    →
  </a>
</div>
`;
